node.exe : npm warn Unknown env config "devdir". This will stop working in the next major version of npm.
At line:1 char:1
+ & "C:\Program Files\nodejs/node.exe" "C:\Program Files\nodejs/node_mo ...
+ ~~~~~~~~~~~~~~~~~~~~~~~~~~~~~~~~~~~~~~~~~~~~~~~~~~~~~~~~~~~~~~~~~~~~~
    + CategoryInfo          : NotSpecified: (npm warn Unknow...version of npm.:String) [], RemoteException
    + FullyQualifiedErrorId : NativeCommandError
 

> all-purpose-discord-bot@1.0.0 build
> tsc

src/commands/admin/say.ts(16,19): error TS2339: Property 'isTextBased' does not exist on type 'CategoryChannel | ForumChannel | MediaChannel | TextBasedChannel | APIInteractionDataResolvedChannelBase<ChannelType.GuildText | ChannelType.DM | ... 7 more ... | ChannelType.GuildMedia> | (APIInteractionDataResolvedChannelBase<...> & Pick<...>)'.
  Property 'isTextBased' does not exist on type 'APIInteractionDataResolvedChannelBase<ChannelType.GuildText | ChannelType.DM | ChannelType.GuildVoice | ChannelType.GroupDM | ChannelType.GuildCategory | ChannelType.GuildAnnouncement | ChannelType.GuildStageVoice | ChannelType.GuildDirectory | ChannelType.GuildForum | ChannelType.GuildMedia>'.
src/commands/admin/say.ts(16,44): error TS2339: Property 'isDMBased' does not exist on type 'CategoryChannel | ForumChannel | MediaChannel | TextBasedChannel | APIInteractionDataResolvedChannelBase<ChannelType.GuildText | ChannelType.DM | ... 7 more ... | ChannelType.GuildMedia> | (APIInteractionDataResolvedChannelBase<...> & Pick<...>)'.
  Property 'isDMBased' does not exist on type 'APIInteractionDataResolvedChannelBase<ChannelType.GuildText | ChannelType.DM | ChannelType.GuildVoice | ChannelType.GroupDM | ChannelType.GuildCategory | ChannelType.GuildAnnouncement | ChannelType.GuildStageVoice | ChannelType.GuildDirectory | ChannelType.GuildForum | ChannelType.GuildMedia>'.
src/commands/admin/say.ts(21,19): error TS2339: Property 'send' does not exist on type 'CategoryChannel | ForumChannel | MediaChannel | TextBasedChannel | APIInteractionDataResolvedChannelBase<ChannelType.GuildText | ChannelType.DM | ... 7 more ... | ChannelType.GuildMedia> | (APIInteractionDataResolvedChannelBase<...> & Pick<...>)'.
  Property 'send' does not exist on type 'CategoryChannel'.
src/commands/moderation/role.ts(30,33): error TS2345: Argument of type 'Role | APIRole' is not assignable to parameter of type 'RoleResolvable | readonly RoleResolvable[] | ReadonlyCollection<string, Role>'.
  Type 'APIRole' is not assignable to type 'RoleResolvable | readonly RoleResolvable[] | ReadonlyCollection<string, Role>'.
    Type 'APIRole' is missing the following properties from type 'Role': createdAt, createdTimestamp, editable, guild, and 21 more.
src/commands/moderation/role.ts(33,30): error TS2345: Argument of type 'Role | APIRole' is not assignable to parameter of type 'RoleResolvable | readonly RoleResolvable[] | ReadonlyCollection<string, Role>'.
  Type 'APIRole' is not assignable to type 'RoleResolvable | readonly RoleResolvable[] | ReadonlyCollection<string, Role>'.
    Type 'APIRole' is missing the following properties from type 'Role': createdAt, createdTimestamp, editable, guild, and 21 more.
EXITCODE=2
